[2026-02-07 17:08:46.622] INFO [rustwebui_anyimage_organizer] Application starting...
[2026-02-07 17:08:46.989] INFO [rustwebui_anyimage_organizer] Loading application UI from dist/index.html
[2026-02-07 17:09:02.391] INFO [rustwebui_anyimage_organizer] Application started successfully, waiting for events...
[2026-02-07 17:09:09.545] INFO [rustwebui_anyimage_organizer] Application shutting down...
[2026-02-07 17:09:13.773] INFO [rustwebui_anyimage_organizer] Application starting...
[2026-02-07 17:09:13.957] INFO [rustwebui_anyimage_organizer] Loading application UI from dist/index.html
[2026-02-07 17:09:29.255] INFO [rustwebui_anyimage_organizer] Application started successfully, waiting for events...
[2026-02-07 17:09:36.409] INFO [rustwebui_anyimage_organizer] Application shutting down...
[2026-02-07 17:13:47.218] INFO [rustwebui_anyimage_organizer] Application starting...
[2026-02-07 17:13:47.405] INFO [rustwebui_anyimage_organizer] Loading application UI from dist/index.html
[2026-02-07 17:13:52.600] INFO [rustwebui_anyimage_organizer] Application starting...
[2026-02-07 17:13:52.802] INFO [rustwebui_anyimage_organizer] Loading application UI from dist/index.html
[2026-02-07 17:14:02.724] INFO [rustwebui_anyimage_organizer] Application started successfully, waiting for events...
[2026-02-07 17:14:09.884] INFO [rustwebui_anyimage_organizer] Application shutting down...
[2026-02-07 17:28:11.297] INFO [rustwebui_anyimage_organizer] Application starting...
[2026-02-07 17:28:11.511] INFO [rustwebui_anyimage_organizer] Loading application UI from dist/index.html
[2026-02-07 17:28:26.883] INFO [rustwebui_anyimage_organizer] Application started successfully, waiting for events...
[2026-02-07 17:28:34.001] INFO [rustwebui_anyimage_organizer] Application shutting down...
[2026-02-07 21:32:15.784] INFO [rustwebui_anyimage_organizer] Application starting...
[2026-02-07 21:32:16.527] INFO [rustwebui_anyimage_organizer] Loading application UI from dist/index.html
[2026-02-07 21:34:06.935] INFO [rustwebui_anyimage_organizer] Application starting...
[2026-02-07 21:34:07.224] INFO [rustwebui_anyimage_organizer] Loading application UI from dist/index.html
[2026-02-07 21:39:07.179] INFO [rustwebui_anyimage_organizer] Application starting...
[2026-02-07 21:39:07.491] INFO [rustwebui_anyimage_organizer] Loading application UI from dist/index.html
[2026-02-07 21:40:42.622] INFO [rustwebui_anyimage_organizer] Application starting...
[2026-02-07 21:40:43.059] INFO [rustwebui_anyimage_organizer] Loading application UI from dist/index.html
[2026-02-07 21:42:32.813] INFO [rustwebui_anyimage_organizer] Application starting...
[2026-02-07 21:42:33.120] INFO [rustwebui_anyimage_organizer] Loading application UI from dist/index.html
[2026-02-07 21:44:48.049] INFO [rustwebui_anyimage_organizer] Application starting...
[2026-02-07 21:44:48.970] INFO [rustwebui_anyimage_organizer] Loading application UI from dist/index.html
[2026-02-07 21:48:54.600] INFO [rustwebui_anyimage_organizer] Application starting...
[2026-02-07 21:48:54.925] INFO [rustwebui_anyimage_organizer] Loading application UI from dist/index.html
[2026-02-07 21:51:18.892] INFO [rustwebui_anyimage_organizer] Application starting...
[2026-02-07 21:51:19.132] INFO [rustwebui_anyimage_organizer] Loading application UI from dist/index.html
[2026-02-07 21:54:13.324] INFO [rustwebui_anyimage_organizer] Application starting...
[2026-02-07 21:54:13.785] INFO [rustwebui_anyimage_organizer] Loading application UI from dist/index.html
[2026-02-07 21:55:58.921] INFO [rustwebui_anyimage_organizer] Application starting...
[2026-02-07 21:55:59.204] INFO [rustwebui_anyimage_organizer] Loading application UI from dist/index.html
[2026-02-07 21:56:51.241] INFO [rustwebui_anyimage_organizer] Application starting...
[2026-02-07 21:56:51.713] INFO [rustwebui_anyimage_organizer] Loading application UI from dist/index.html
[2026-02-07 22:00:12.101] INFO [rustwebui_anyimage_organizer] Application starting...
[2026-02-07 22:00:12.307] INFO [rustwebui_anyimage_organizer] Loading application UI from dist/index.html
[2026-02-07 22:00:39.120] INFO [rustwebui_anyimage_organizer] Application starting...
[2026-02-07 22:00:39.370] INFO [rustwebui_anyimage_organizer] Loading application UI from dist/index.html
[2026-02-07 22:07:09.040] INFO [rustwebui_anyimage_organizer] Application starting...
[2026-02-07 22:07:09.371] INFO [rustwebui_anyimage_organizer] Loading application UI from dist/index.html
[2026-02-07 22:11:49.305] INFO [rustwebui_anyimage_organizer] Application starting...
[2026-02-07 22:12:06.972] INFO [rustwebui_anyimage_organizer] Application starting...
[2026-02-07 22:12:07.165] INFO [rustwebui_anyimage_organizer] Loading application UI from dist/index.html
[2026-02-07 22:12:22.554] INFO [rustwebui_anyimage_organizer] Application started successfully, waiting for events...
[2026-02-07 22:16:14.844] INFO [rustwebui_anyimage_organizer] Application starting...
[2026-02-07 22:16:15.291] INFO [rustwebui_anyimage_organizer] Loading application UI from dist/index.html
[2026-02-07 22:16:30.739] INFO [rustwebui_anyimage_organizer] Application started successfully, waiting for events...
[2026-02-07 22:16:37.934] INFO [rustwebui_anyimage_organizer] Application shutting down...
[2026-02-07 22:21:01.785] INFO [rustwebui_anyimage_organizer] Application starting...
[2026-02-07 22:21:02.304] INFO [rustwebui_anyimage_organizer] Loading application UI from dist/index.html
[2026-02-07 22:25:19.071] INFO [rustwebui_anyimage_organizer] Dependency injection container initialized
[2026-02-07 22:25:19.073] INFO [rustwebui_anyimage_organizer] Application starting...
[2026-02-07 22:25:19.505] INFO [rustwebui_anyimage_organizer] Loading application UI from dist/index.html
[2026-02-07 22:25:35.200] INFO [rustwebui_anyimage_organizer] Application started successfully, waiting for events...
[2026-02-07 22:25:42.446] INFO [rustwebui_anyimage_organizer] Application shutting down...
[2026-02-07 22:29:34.009] INFO [rustwebui_anyimage_organizer] Dependency injection container initialized
[2026-02-07 22:29:34.010] INFO [rustwebui_anyimage_organizer] Application starting...
[2026-02-07 22:29:34.479] INFO [rustwebui_anyimage_organizer] Loading application UI from dist/index.html
[2026-02-07 22:29:50.116] INFO [rustwebui_anyimage_organizer] Application started successfully, waiting for events...
[2026-02-07 22:29:57.295] INFO [rustwebui_anyimage_organizer] Application shutting down...
[2026-02-07 22:31:28.089] INFO [rustwebui_anyimage_organizer] Dependency injection container initialized
[2026-02-07 22:31:28.090] INFO [rustwebui_anyimage_organizer] Application starting...
[2026-02-07 22:31:28.430] INFO [rustwebui_anyimage_organizer] Loading application UI from dist/index.html
[2026-02-07 22:31:43.839] INFO [rustwebui_anyimage_organizer] Application started successfully, waiting for events...
[2026-02-07 22:31:51.029] INFO [rustwebui_anyimage_organizer] Application shutting down...
[2026-02-07 22:34:24.572] INFO [rustwebui_anyimage_organizer] Dependency injection container initialized
[2026-02-07 22:34:24.573] INFO [rustwebui_anyimage_organizer] Application starting...
[2026-02-07 22:34:24.941] INFO [rustwebui_anyimage_organizer] Loading application UI from dist/index.html
[2026-02-07 22:34:40.361] INFO [rustwebui_anyimage_organizer] Application started successfully, waiting for events...
[2026-02-07 22:34:47.492] INFO [rustwebui_anyimage_organizer] Application shutting down...
[2026-02-07 22:41:47.167] INFO [rustwebui_anyimage_organizer] Dependency injection container initialized
[2026-02-07 22:41:47.169] INFO [rustwebui_anyimage_organizer] Application starting...
[2026-02-07 22:41:47.713] INFO [rustwebui_anyimage_organizer] Loading application UI from dist/index.html
[2026-02-07 22:42:03.527] INFO [rustwebui_anyimage_organizer] Application started successfully, waiting for events...
[2026-02-07 22:42:10.767] INFO [rustwebui_anyimage_organizer] Application shutting down...
[2026-02-07 22:47:22.510] INFO [rustwebui_anyimage_organizer] Dependency injection container initialized
[2026-02-07 22:47:22.510] INFO [rustwebui_anyimage_organizer] Application starting...
[2026-02-07 22:47:22.800] INFO [rustwebui_anyimage_organizer] Loading application UI from dist/index.html
[2026-02-07 22:47:38.169] INFO [rustwebui_anyimage_organizer] Application started successfully, waiting for events...
[2026-02-07 22:47:45.326] INFO [rustwebui_anyimage_organizer] Application shutting down...
[2026-02-07 22:48:27.608] INFO [rustwebui_anyimage_organizer] Dependency injection container initialized
[2026-02-07 22:48:27.608] INFO [rustwebui_anyimage_organizer] Application starting...
[2026-02-07 22:48:27.894] INFO [rustwebui_anyimage_organizer] Loading application UI from dist/index.html
[2026-02-07 22:48:43.480] INFO [rustwebui_anyimage_organizer] Application started successfully, waiting for events...
[2026-02-07 22:48:50.819] INFO [rustwebui_anyimage_organizer] Application shutting down...
[2026-02-07 23:11:48.198] INFO [rustwebui_anyimage_organizer] Dependency injection container initialized
[2026-02-07 23:11:48.198] INFO [rustwebui_anyimage_organizer] Application starting...
[2026-02-07 23:11:48.199] INFO [rustwebui_anyimage_organizer::infrastructure::database] Database connection established: app.db
[2026-02-07 23:11:48.199] INFO [rustwebui_anyimage_organizer] Database initialized successfully
[2026-02-07 23:11:48.205] INFO [rustwebui_anyimage_organizer::infrastructure::database] Database schema initialized
[2026-02-07 23:11:48.235] INFO [rustwebui_anyimage_organizer::infrastructure::database] Sample data inserted successfully
[2026-02-07 23:11:48.235] INFO [rustwebui_anyimage_organizer::use_cases::handlers::db_handlers] Database handlers initialized
[2026-02-07 23:11:48.675] INFO [rustwebui_anyimage_organizer::use_cases::handlers::db_handlers] Database handlers set up successfully
[2026-02-07 23:11:48.675] INFO [rustwebui_anyimage_organizer] Loading application UI from dist/index.html
[2026-02-07 23:12:04.294] INFO [rustwebui_anyimage_organizer] Application started successfully, waiting for events...
[2026-02-07 23:12:11.429] INFO [rustwebui_anyimage_organizer] Application shutting down...
[2026-02-07 23:20:21.150] INFO [rustwebui_anyimage_organizer] =============================================
[2026-02-07 23:20:21.150] INFO [rustwebui_anyimage_organizer] Starting: Rust WebUI SQLite Demo v1.0.0
[2026-02-07 23:20:21.150] INFO [rustwebui_anyimage_organizer] =============================================
[2026-02-07 23:20:21.150] INFO [rustwebui_anyimage_organizer] Dependency injection container initialized
[2026-02-07 23:20:21.150] INFO [rustwebui_anyimage_organizer] Application starting...
[2026-02-07 23:20:21.150] INFO [rustwebui_anyimage_organizer] Database path: app.db
[2026-02-07 23:20:21.151] INFO [rustwebui_anyimage_organizer::infrastructure::database] Database connection established: app.db
[2026-02-07 23:20:21.151] INFO [rustwebui_anyimage_organizer] Database initialized successfully
[2026-02-07 23:20:21.151] INFO [rustwebui_anyimage_organizer::infrastructure::database] Database schema initialized
[2026-02-07 23:20:21.152] INFO [rustwebui_anyimage_organizer::infrastructure::database] Sample data already exists, skipping insertion
[2026-02-07 23:20:21.152] INFO [rustwebui_anyimage_organizer] Sample data created (if not exists)
[2026-02-07 23:20:21.152] INFO [rustwebui_anyimage_organizer::use_cases::handlers::db_handlers] Database handlers initialized
[2026-02-07 23:20:21.326] INFO [rustwebui_anyimage_organizer::use_cases::handlers::db_handlers] Database handlers set up successfully
[2026-02-07 23:20:21.326] INFO [rustwebui_anyimage_organizer] Window title: Rust WebUI Application
[2026-02-07 23:20:21.326] INFO [rustwebui_anyimage_organizer] Loading application UI from dist/index.html
[2026-02-07 23:20:36.621] INFO [rustwebui_anyimage_organizer] Application started successfully, waiting for events...
[2026-02-07 23:20:36.621] INFO [rustwebui_anyimage_organizer] =============================================
[2026-02-07 23:20:43.720] INFO [rustwebui_anyimage_organizer] Application shutting down...
[2026-02-07 23:20:43.720] INFO [rustwebui_anyimage_organizer] =============================================
[2026-02-07 23:43:18.377] INFO [rustwebui_app] =============================================
[2026-02-07 23:43:18.377] INFO [rustwebui_app] Starting: Rust WebUI SQLite Demo v1.0.0
[2026-02-07 23:43:18.377] INFO [rustwebui_app] =============================================
[2026-02-07 23:43:18.377] INFO [rustwebui_app] Dependency injection container initialized
[2026-02-07 23:43:18.377] INFO [rustwebui_app] Application starting...
[2026-02-07 23:43:18.377] INFO [rustwebui_app] Database path: app.db
[2026-02-07 23:43:18.378] INFO [rustwebui_app::infrastructure::database] Database connection established: app.db
[2026-02-07 23:43:18.378] INFO [rustwebui_app] Database initialized successfully
[2026-02-07 23:43:18.379] INFO [rustwebui_app::infrastructure::database] Database schema initialized
[2026-02-07 23:43:18.380] INFO [rustwebui_app::infrastructure::database] Sample data already exists, skipping insertion
[2026-02-07 23:43:18.380] INFO [rustwebui_app] Sample data created (if not exists)
[2026-02-07 23:43:18.380] INFO [rustwebui_app::use_cases::handlers::db_handlers] Database handlers initialized
[2026-02-07 23:43:18.554] INFO [rustwebui_app::use_cases::handlers::db_handlers] Database handlers set up successfully
[2026-02-07 23:43:18.555] INFO [rustwebui_app] Window title: Rust WebUI Application
[2026-02-07 23:43:18.555] INFO [rustwebui_app] Loading application UI from frontend/dist/index.html
[2026-02-07 23:43:33.861] INFO [rustwebui_app] Application started successfully, waiting for events...
[2026-02-07 23:43:33.861] INFO [rustwebui_app] =============================================
[2026-02-07 23:43:40.968] INFO [rustwebui_app] Application shutting down...
[2026-02-07 23:43:40.968] INFO [rustwebui_app] =============================================
[2026-02-07 23:45:24.498] INFO [rustwebui_app] =============================================
[2026-02-07 23:45:24.498] INFO [rustwebui_app] Starting: Rust WebUI SQLite Demo v1.0.0
[2026-02-07 23:45:24.498] INFO [rustwebui_app] =============================================
[2026-02-07 23:45:24.498] INFO [rustwebui_app] Dependency injection container initialized
[2026-02-07 23:45:24.498] INFO [rustwebui_app] Application starting...
[2026-02-07 23:45:24.498] INFO [rustwebui_app] Database path: app.db
[2026-02-07 23:45:24.499] INFO [rustwebui_app::infrastructure::database] Database connection established: app.db
[2026-02-07 23:45:24.499] INFO [rustwebui_app] Database initialized successfully
[2026-02-07 23:45:24.499] INFO [rustwebui_app::infrastructure::database] Database schema initialized
[2026-02-07 23:45:24.499] INFO [rustwebui_app::infrastructure::database] Sample data already exists, skipping insertion
[2026-02-07 23:45:24.500] INFO [rustwebui_app] Sample data created (if not exists)
[2026-02-07 23:45:24.500] INFO [rustwebui_app::use_cases::handlers::db_handlers] Database handlers initialized
[2026-02-07 23:45:39.007] INFO [rustwebui_app] =============================================
[2026-02-07 23:45:39.007] INFO [rustwebui_app] Starting: Rust WebUI SQLite Demo v1.0.0
[2026-02-07 23:45:39.008] INFO [rustwebui_app] =============================================
[2026-02-07 23:45:39.008] INFO [rustwebui_app] Dependency injection container initialized
[2026-02-07 23:45:39.008] INFO [rustwebui_app] Application starting...
[2026-02-07 23:45:39.008] INFO [rustwebui_app] Database path: app.db
[2026-02-07 23:45:39.009] INFO [rustwebui_app::infrastructure::database] Database connection established: app.db
[2026-02-07 23:45:39.009] INFO [rustwebui_app] Database initialized successfully
[2026-02-07 23:45:39.009] INFO [rustwebui_app::infrastructure::database] Database schema initialized
[2026-02-07 23:45:39.010] INFO [rustwebui_app::infrastructure::database] Sample data already exists, skipping insertion
[2026-02-07 23:45:39.010] INFO [rustwebui_app] Sample data created (if not exists)
[2026-02-07 23:45:39.010] INFO [rustwebui_app::use_cases::handlers::db_handlers] Database handlers initialized
[2026-02-07 23:45:39.193] INFO [rustwebui_app::use_cases::handlers::db_handlers] Database handlers set up successfully
[2026-02-07 23:45:39.193] INFO [rustwebui_app] Window title: Rust WebUI Application
[2026-02-07 23:45:39.193] INFO [rustwebui_app] Loading application UI from frontend/dist/index.html
[2026-02-07 23:48:17.695] INFO [rustwebui_app] =============================================
[2026-02-07 23:48:17.695] INFO [rustwebui_app] Starting: Rust WebUI SQLite Demo v1.0.0
[2026-02-07 23:48:17.695] INFO [rustwebui_app] =============================================
[2026-02-07 23:48:17.695] INFO [rustwebui_app] Dependency injection container initialized
[2026-02-07 23:48:17.695] INFO [rustwebui_app] Application starting...
[2026-02-07 23:48:17.695] INFO [rustwebui_app] Database path: app.db
[2026-02-07 23:48:17.696] INFO [rustwebui_app::infrastructure::database] Database connection established: app.db
[2026-02-07 23:48:17.696] INFO [rustwebui_app] Database initialized successfully
[2026-02-07 23:48:17.696] INFO [rustwebui_app::infrastructure::database] Database schema initialized
[2026-02-07 23:48:17.697] INFO [rustwebui_app::infrastructure::database] Sample data already exists, skipping insertion
[2026-02-07 23:48:17.697] INFO [rustwebui_app] Sample data created (if not exists)
[2026-02-07 23:48:17.697] INFO [rustwebui_app::use_cases::handlers::db_handlers] Database handlers initialized
[2026-02-07 23:48:17.958] INFO [rustwebui_app::use_cases::handlers::db_handlers] Database handlers set up successfully
[2026-02-07 23:48:17.958] INFO [rustwebui_app] Window title: Rust WebUI Application
[2026-02-07 23:48:17.958] INFO [rustwebui_app] Loading application UI from frontend/dist/index.html
[2026-02-07 23:48:53.293] INFO [rustwebui_app] =============================================
[2026-02-07 23:48:53.294] INFO [rustwebui_app] Starting: Rust WebUI SQLite Demo v1.0.0
[2026-02-07 23:48:53.294] INFO [rustwebui_app] =============================================
[2026-02-07 23:48:53.294] INFO [rustwebui_app] Dependency injection container initialized
[2026-02-07 23:48:53.294] INFO [rustwebui_app] Application starting...
[2026-02-07 23:48:53.294] INFO [rustwebui_app] Database path: app.db
[2026-02-07 23:48:53.295] INFO [rustwebui_app::infrastructure::database] Database connection established: app.db
[2026-02-07 23:48:53.295] INFO [rustwebui_app] Database initialized successfully
[2026-02-07 23:48:53.296] INFO [rustwebui_app::infrastructure::database] Database schema initialized
[2026-02-07 23:48:53.296] INFO [rustwebui_app::infrastructure::database] Sample data already exists, skipping insertion
[2026-02-07 23:48:53.296] INFO [rustwebui_app] Sample data created (if not exists)
[2026-02-07 23:48:53.296] INFO [rustwebui_app::use_cases::handlers::db_handlers] Database handlers initialized
[2026-02-07 23:48:53.450] INFO [rustwebui_app::use_cases::handlers::db_handlers] Database handlers set up successfully
[2026-02-07 23:48:53.450] INFO [rustwebui_app] Window title: Rust WebUI Application
[2026-02-07 23:48:53.451] INFO [rustwebui_app] Loading application UI from frontend/dist/index.html
[2026-02-07 23:49:08.765] INFO [rustwebui_app] Application started successfully, waiting for events...
[2026-02-07 23:49:08.765] INFO [rustwebui_app] =============================================
[2026-02-07 23:49:15.930] INFO [rustwebui_app] Application shutting down...
[2026-02-07 23:49:15.931] INFO [rustwebui_app] =============================================
[2026-02-08 00:10:46.620] INFO [rustwebui_app] =============================================
[2026-02-08 00:10:46.620] INFO [rustwebui_app] Starting: Rust WebUI SQLite Demo v1.0.0
[2026-02-08 00:10:46.620] INFO [rustwebui_app] =============================================
[2026-02-08 00:10:46.620] INFO [rustwebui_app] Dependency injection container initialized
[2026-02-08 00:10:46.620] INFO [rustwebui_app] Application starting...
[2026-02-08 00:10:46.620] INFO [rustwebui_app] Database path: app.db
[2026-02-08 00:10:46.621] INFO [rustwebui_app::infrastructure::database] Database connection established: app.db
[2026-02-08 00:10:46.621] INFO [rustwebui_app] Database initialized successfully
[2026-02-08 00:10:46.621] INFO [rustwebui_app::infrastructure::database] Database schema initialized
[2026-02-08 00:10:46.621] INFO [rustwebui_app::infrastructure::database] Sample data already exists, skipping insertion
[2026-02-08 00:10:46.622] INFO [rustwebui_app] Sample data created (if not exists)
[2026-02-08 00:10:46.622] INFO [rustwebui_app::use_cases::handlers::db_handlers] Database handlers initialized
[2026-02-08 00:10:46.780] INFO [rustwebui_app::use_cases::handlers::db_handlers] Database handlers set up successfully
[2026-02-08 00:10:46.781] INFO [rustwebui_app::use_cases::handlers::sysinfo_handlers] System info handlers set up successfully
[2026-02-08 00:10:46.781] INFO [rustwebui_app] Window title: Rust WebUI Application
[2026-02-08 00:10:46.781] INFO [rustwebui_app] Loading application UI from frontend/dist/index.html
[2026-02-08 00:31:19.816] INFO [rustwebui_app] =============================================
[2026-02-08 00:31:19.816] INFO [rustwebui_app] Starting: Rust WebUI SQLite Demo v1.0.0
[2026-02-08 00:31:19.816] INFO [rustwebui_app] =============================================
[2026-02-08 00:31:19.816] INFO [rustwebui_app] Dependency injection container initialized
[2026-02-08 00:31:19.816] INFO [rustwebui_app] Application starting...
[2026-02-08 00:31:19.816] INFO [rustwebui_app] Database path: app.db
[2026-02-08 00:31:19.816] INFO [rustwebui_app::infrastructure::database] Database connection established: app.db
[2026-02-08 00:31:19.816] INFO [rustwebui_app] Database initialized successfully
[2026-02-08 00:31:19.817] INFO [rustwebui_app::infrastructure::database] Database schema initialized
[2026-02-08 00:31:19.817] INFO [rustwebui_app::infrastructure::database] Sample data already exists, skipping insertion
[2026-02-08 00:31:19.817] INFO [rustwebui_app] Sample data created (if not exists)
[2026-02-08 00:31:19.817] INFO [rustwebui_app::use_cases::handlers::db_handlers] Database handlers initialized
[2026-02-08 00:31:19.969] INFO [rustwebui_app::use_cases::handlers::db_handlers] Database handlers set up successfully
[2026-02-08 00:31:19.969] INFO [rustwebui_app::use_cases::handlers::sysinfo_handlers] System info handlers set up successfully
[2026-02-08 00:31:19.969] INFO [rustwebui_app] Window title: Rust WebUI Application
[2026-02-08 00:31:19.969] INFO [rustwebui_app] Loading application UI from frontend/dist/index.html
[2026-02-08 00:31:35.280] INFO [rustwebui_app] Application started successfully, waiting for events...
[2026-02-08 00:31:35.280] INFO [rustwebui_app] =============================================
[2026-02-08 00:31:42.419] INFO [rustwebui_app] Application shutting down...
[2026-02-08 00:31:42.419] INFO [rustwebui_app] =============================================
[2026-02-08 00:32:06.254] INFO [rustwebui_app] =============================================
[2026-02-08 00:32:06.254] INFO [rustwebui_app] Starting: Rust WebUI SQLite Demo v1.0.0
[2026-02-08 00:32:06.254] INFO [rustwebui_app] =============================================
[2026-02-08 00:32:06.254] INFO [rustwebui_app] Dependency injection container initialized
[2026-02-08 00:32:06.254] INFO [rustwebui_app] Application starting...
[2026-02-08 00:32:06.254] INFO [rustwebui_app] Database path: app.db
[2026-02-08 00:32:06.254] INFO [rustwebui_app::infrastructure::database] Database connection established: app.db
[2026-02-08 00:32:06.254] INFO [rustwebui_app] Database initialized successfully
[2026-02-08 00:32:06.255] INFO [rustwebui_app::infrastructure::database] Database schema initialized
[2026-02-08 00:32:06.255] INFO [rustwebui_app::infrastructure::database] Sample data already exists, skipping insertion
[2026-02-08 00:32:06.255] INFO [rustwebui_app] Sample data created (if not exists)
[2026-02-08 00:32:06.255] INFO [rustwebui_app::use_cases::handlers::db_handlers] Database handlers initialized
[2026-02-08 00:32:06.406] INFO [rustwebui_app::use_cases::handlers::db_handlers] Database handlers set up successfully
[2026-02-08 00:32:06.406] INFO [rustwebui_app::use_cases::handlers::sysinfo_handlers] System info handlers set up successfully
[2026-02-08 00:32:06.406] INFO [rustwebui_app] Window title: Rust WebUI Application
[2026-02-08 00:32:06.406] INFO [rustwebui_app] Loading application UI from frontend/dist/index.html
[2026-02-08 00:32:21.720] INFO [rustwebui_app] Application started successfully, waiting for events...
[2026-02-08 00:32:21.721] INFO [rustwebui_app] =============================================
[2026-02-12 08:55:30.355] INFO [rustwebui_app] =============================================
[2026-02-12 08:55:30.356] INFO [rustwebui_app] Starting: Rust WebUI SQLite Demo v1.0.0
[2026-02-12 08:55:30.356] INFO [rustwebui_app] =============================================
[2026-02-12 08:55:30.356] INFO [rustwebui_app] Dependency injection container initialized
[2026-02-12 08:55:30.356] INFO [rustwebui_app] Application starting...
[2026-02-12 08:55:30.356] INFO [rustwebui_app] Database path: app.db
[2026-02-12 08:55:30.357] INFO [rustwebui_app::infrastructure::database] Database connection established: app.db
[2026-02-12 08:55:30.357] INFO [rustwebui_app] Database initialized successfully
[2026-02-12 08:55:30.357] INFO [rustwebui_app::infrastructure::database] Database schema initialized
[2026-02-12 08:55:30.357] INFO [rustwebui_app::infrastructure::database] Sample data already exists, skipping insertion
[2026-02-12 08:55:30.357] INFO [rustwebui_app] Sample data created (if not exists)
[2026-02-12 08:55:30.357] INFO [rustwebui_app::use_cases::handlers::db_handlers] Database handlers initialized
[2026-02-12 08:55:30.517] INFO [rustwebui_app::use_cases::handlers::db_handlers] Database handlers set up successfully
[2026-02-12 08:55:30.518] INFO [rustwebui_app::use_cases::handlers::sysinfo_handlers] System info handlers set up successfully
[2026-02-12 08:55:30.518] INFO [rustwebui_app] Window title: Rust WebUI Application
[2026-02-12 08:55:30.518] INFO [rustwebui_app] Loading application UI from frontend/dist/index.html
[2026-02-12 08:55:45.830] INFO [rustwebui_app] Application started successfully, waiting for events...
[2026-02-12 08:55:45.831] INFO [rustwebui_app] =============================================
[2026-02-12 08:55:52.953] INFO [rustwebui_app] Application shutting down...
[2026-02-12 08:55:52.953] INFO [rustwebui_app] =============================================
[2026-02-16 12:11:47.305] INFO [rustwebui_app] =============================================
[2026-02-16 12:11:47.308] INFO [rustwebui_app] Starting: Rust WebUI SQLite Demo v1.0.0
[2026-02-16 12:11:47.308] INFO [rustwebui_app] =============================================
[2026-02-16 12:11:47.308] INFO [rustwebui_app] Dependency injection container initialized
[2026-02-16 12:11:47.308] INFO [rustwebui_app] Application starting...
[2026-02-16 12:11:47.308] INFO [rustwebui_app] Database path: app.db
[2026-02-16 12:11:47.309] INFO [rustwebui_app::infrastructure::database] Database connection established: app.db
[2026-02-16 12:11:47.309] INFO [rustwebui_app] Database initialized successfully
[2026-02-16 12:11:47.309] INFO [rustwebui_app::infrastructure::database] Database schema initialized
[2026-02-16 12:11:47.309] INFO [rustwebui_app::infrastructure::database] Sample data already exists, skipping insertion
[2026-02-16 12:11:47.310] INFO [rustwebui_app] Sample data created (if not exists)
[2026-02-16 12:11:47.310] INFO [rustwebui_app::use_cases::handlers::db_handlers] Database handlers initialized
[2026-02-16 12:11:47.788] INFO [rustwebui_app::use_cases::handlers::db_handlers] Database handlers set up successfully
[2026-02-16 12:11:47.789] INFO [rustwebui_app::use_cases::handlers::sysinfo_handlers] System info handlers set up successfully
[2026-02-16 12:11:47.796] INFO [rustwebui_app] Window title: Rust WebUI Application
[2026-02-16 12:11:47.796] INFO [rustwebui_app] Loading application UI from frontend/dist/index.html
[2026-02-16 12:12:03.516] INFO [rustwebui_app] Application started successfully, waiting for events...
[2026-02-16 12:12:03.520] INFO [rustwebui_app] =============================================
[2026-02-16 12:12:10.613] INFO [rustwebui_app] Application shutting down...
[2026-02-16 12:12:10.618] INFO [rustwebui_app] =============================================
[2026-02-16 13:07:29.675] [INFO] [rustwebui_app] =============================================
[2026-02-16 13:07:29.676] [INFO] [rustwebui_app] Starting: app v1.0.0
[2026-02-16 13:07:29.676] [INFO] [rustwebui_app] =============================================
[2026-02-16 13:07:29.676] [INFO] [rustwebui_app] Application starting...
[2026-02-16 13:07:29.952] [INFO] [rustwebui_app::presentation::handlers::sysinfo_handlers] System info handlers set up successfully
[2026-02-16 13:07:29.953] [INFO] [rustwebui_app::presentation::handlers::window_state_handlers] Setting up window state change handlers...
[2026-02-16 13:07:29.953] [INFO] [rustwebui_app::presentation::handlers::window_state_handlers] Window state change handlers set up successfully
[2026-02-16 13:07:29.954] [INFO] [rustwebui_app] Loading application UI from frontend/dist/index.html
[2026-02-16 13:20:49.108] [INFO] [rustwebui_app] =============================================
[2026-02-16 13:20:49.109] [INFO] [rustwebui_app] Starting: app v1.0.0
[2026-02-16 13:20:49.109] [INFO] [rustwebui_app] =============================================
[2026-02-16 13:20:49.109] [INFO] [rustwebui_app] Application starting...
[2026-02-16 13:20:49.336] [INFO] [rustwebui_app::presentation::handlers::sysinfo_handlers] System info handlers set up successfully
[2026-02-16 13:20:49.336] [INFO] [rustwebui_app::presentation::handlers::window_state_handlers] Setting up window state change handlers...
[2026-02-16 13:20:49.337] [INFO] [rustwebui_app::presentation::handlers::window_state_handlers] Window state change handlers set up successfully
[2026-02-16 13:20:49.337] [INFO] [rustwebui_app] Loading application UI from frontend/dist/index.html
[2026-02-16 16:09:37.968] [INFO] [rustwebui_app] =============================================
[2026-02-16 16:09:37.969] [INFO] [rustwebui_app] Starting: app v1.0.0
[2026-02-16 16:09:37.969] [INFO] [rustwebui_app] =============================================
[2026-02-16 16:09:37.969] [INFO] [rustwebui_app] Application starting...
[2026-02-16 16:09:38.137] [INFO] [rustwebui_app::presentation::handlers::ui_handlers] Setting up UI handlers...
[2026-02-16 16:09:38.138] [INFO] [rustwebui_app::presentation::handlers::ui_handlers] UI handlers set up successfully
[2026-02-16 16:09:38.139] [INFO] [rustwebui_app::presentation::handlers::sysinfo_handlers] System info handlers set up successfully
[2026-02-16 16:09:38.139] [INFO] [rustwebui_app::presentation::handlers::window_state_handlers] Setting up window state change handlers...
[2026-02-16 16:09:38.140] [INFO] [rustwebui_app::presentation::handlers::window_state_handlers] Window state change handlers set up successfully
[2026-02-16 16:09:38.140] [INFO] [rustwebui_app] Loading application UI from frontend/dist/index.html
[2026-02-16 16:09:53.467] [INFO] [rustwebui_app] Application started successfully, waiting for events...
[2026-02-16 16:09:53.467] [INFO] [rustwebui_app] =============================================
[2026-02-16 16:10:00.658] [INFO] [rustwebui_app] Application shutting down...
[2026-02-16 16:10:00.658] [INFO] [rustwebui_app] =============================================
[2026-02-16 16:15:17.522] [INFO] [rustwebui_app] =============================================
[2026-02-16 16:15:17.522] [INFO] [rustwebui_app] Starting: app v1.0.0
[2026-02-16 16:15:17.522] [INFO] [rustwebui_app] =============================================
[2026-02-16 16:15:17.522] [INFO] [rustwebui_app] Application starting...
[2026-02-16 16:15:17.698] [INFO] [rustwebui_app::presentation::handlers::ui_handlers] Setting up UI handlers...
[2026-02-16 16:15:17.699] [INFO] [rustwebui_app::presentation::handlers::ui_handlers] UI handlers set up successfully
[2026-02-16 16:15:17.700] [INFO] [rustwebui_app::presentation::handlers::sysinfo_handlers] System info handlers set up successfully
[2026-02-16 16:15:17.700] [INFO] [rustwebui_app::presentation::handlers::window_state_handlers] Setting up window state change handlers...
[2026-02-16 16:15:17.701] [INFO] [rustwebui_app::presentation::handlers::window_state_handlers] Window state change handlers set up successfully
[2026-02-16 16:15:17.701] [INFO] [rustwebui_app] Loading application UI from frontend/dist/index.html
[2026-02-16 16:15:32.996] [INFO] [rustwebui_app] Application started successfully, waiting for events...
[2026-02-16 16:15:32.997] [INFO] [rustwebui_app] =============================================
[2026-02-16 16:15:40.130] [INFO] [rustwebui_app] Application shutting down...
[2026-02-16 16:15:40.130] [INFO] [rustwebui_app] =============================================
[2026-02-16 16:17:51.691] [INFO] [rustwebui_app] =============================================
[2026-02-16 16:17:51.691] [INFO] [rustwebui_app] Starting: app v1.0.0
[2026-02-16 16:17:51.691] [INFO] [rustwebui_app] =============================================
[2026-02-16 16:17:51.691] [INFO] [rustwebui_app] Application starting...
[2026-02-16 16:17:51.863] [INFO] [rustwebui_app::presentation::handlers::ui_handlers] Setting up UI handlers...
[2026-02-16 16:17:51.864] [INFO] [rustwebui_app::presentation::handlers::ui_handlers] UI handlers set up successfully
[2026-02-16 16:17:51.865] [INFO] [rustwebui_app::presentation::handlers::sysinfo_handlers] System info handlers set up successfully
[2026-02-16 16:17:51.865] [INFO] [rustwebui_app::presentation::handlers::window_state_handlers] Setting up window state change handlers...
[2026-02-16 16:17:51.866] [INFO] [rustwebui_app::presentation::handlers::window_state_handlers] Window state change handlers set up successfully
[2026-02-16 16:17:51.866] [INFO] [rustwebui_app] Loading application UI from frontend/dist/index.html
[2026-02-16 16:18:45.392] [INFO] [rustwebui_app] =============================================
[2026-02-16 16:18:45.392] [INFO] [rustwebui_app] Starting: app v1.0.0
[2026-02-16 16:18:45.392] [INFO] [rustwebui_app] =============================================
[2026-02-16 16:18:45.392] [INFO] [rustwebui_app] Application starting...
[2026-02-16 16:18:45.569] [INFO] [rustwebui_app::presentation::handlers::ui_handlers] Setting up UI handlers...
[2026-02-16 16:18:45.570] [INFO] [rustwebui_app::presentation::handlers::ui_handlers] UI handlers set up successfully
[2026-02-16 16:18:45.571] [INFO] [rustwebui_app::presentation::handlers::sysinfo_handlers] System info handlers set up successfully
[2026-02-16 16:18:45.571] [INFO] [rustwebui_app::presentation::handlers::window_state_handlers] Setting up window state change handlers...
[2026-02-16 16:18:45.572] [INFO] [rustwebui_app::presentation::handlers::window_state_handlers] Window state change handlers set up successfully
[2026-02-16 16:18:45.572] [INFO] [rustwebui_app] Loading application UI from frontend/dist/index.html
[2026-02-16 16:43:54.448] [INFO] [rustwebui_app] =============================================
[2026-02-16 16:43:54.448] [INFO] [rustwebui_app] Starting: app v1.0.0
[2026-02-16 16:43:54.448] [INFO] [rustwebui_app] =============================================
[2026-02-16 16:43:54.448] [INFO] [rustwebui_app] Application starting...
[2026-02-16 16:43:54.449] [INFO] [rustwebui_app] WebSocket server will run on port 38069
[2026-02-16 16:43:54.451] [INFO] [rustwebui_app::infrastructure::websocket] WebSocket server listening on ws://127.0.0.1:38069
[2026-02-16 16:43:54.451] [INFO] [rustwebui_app] WebSocket server running on port 38069
[2026-02-16 16:43:54.666] [INFO] [rustwebui_app::presentation::handlers::ui_handlers] Setting up UI handlers...
[2026-02-16 16:43:54.667] [INFO] [rustwebui_app::presentation::handlers::ui_handlers] UI handlers set up successfully
[2026-02-16 16:43:54.668] [INFO] [rustwebui_app::presentation::handlers::sysinfo_handlers] System info handlers set up successfully
[2026-02-16 16:43:54.668] [INFO] [rustwebui_app::presentation::handlers::window_state_handlers] Setting up window state change handlers...
[2026-02-16 16:43:54.668] [INFO] [rustwebui_app::presentation::handlers::window_state_handlers] Window state change handlers set up successfully
[2026-02-16 16:43:54.668] [INFO] [rustwebui_app] Loading application UI from frontend/dist/index.html
[2026-02-16 16:44:09.985] [INFO] [rustwebui_app] Application started successfully, waiting for events...
[2026-02-16 16:44:09.985] [INFO] [rustwebui_app] =============================================
[2026-02-16 16:44:17.193] [INFO] [rustwebui_app] Application shutting down...
[2026-02-16 16:44:17.193] [INFO] [rustwebui_app] =============================================
[2026-02-16 16:49:09.397] [INFO] [rustwebui_app] =============================================
[2026-02-16 16:49:09.397] [INFO] [rustwebui_app] Starting: app v1.0.0
[2026-02-16 16:49:09.398] [INFO] [rustwebui_app] =============================================
[2026-02-16 16:49:09.398] [INFO] [rustwebui_app] Application starting...
[2026-02-16 16:49:09.398] [INFO] [rustwebui_app] WebSocket server will run on port 44927
[2026-02-16 16:49:09.399] [INFO] [rustwebui_app::infrastructure::websocket] WebSocket server listening on ws://127.0.0.1:44927
[2026-02-16 16:49:09.399] [INFO] [rustwebui_app] WebSocket server running on port 44927
[2026-02-16 16:49:09.583] [INFO] [rustwebui_app::presentation::handlers::ui_handlers] Setting up UI handlers...
[2026-02-16 16:49:09.585] [INFO] [rustwebui_app::presentation::handlers::ui_handlers] UI handlers set up successfully
[2026-02-16 16:49:09.586] [INFO] [rustwebui_app::presentation::handlers::sysinfo_handlers] System info handlers set up successfully
[2026-02-16 16:49:09.586] [INFO] [rustwebui_app::presentation::handlers::window_state_handlers] Setting up window state change handlers...
[2026-02-16 16:49:09.587] [INFO] [rustwebui_app::presentation::handlers::window_state_handlers] Window state change handlers set up successfully
[2026-02-16 16:49:09.587] [INFO] [rustwebui_app] Loading application UI from frontend/dist/index.html
[2026-02-16 16:49:24.928] [INFO] [rustwebui_app] Application started successfully, waiting for events...
[2026-02-16 16:49:24.928] [INFO] [rustwebui_app] =============================================
[2026-02-16 16:49:32.185] [INFO] [rustwebui_app] Application shutting down...
[2026-02-16 16:49:32.185] [INFO] [rustwebui_app] =============================================
[2026-02-16 16:49:37.360] [INFO] [rustwebui_app] =============================================
[2026-02-16 16:49:37.360] [INFO] [rustwebui_app] Starting: app v1.0.0
[2026-02-16 16:49:37.361] [INFO] [rustwebui_app] =============================================
[2026-02-16 16:49:37.361] [INFO] [rustwebui_app] Application starting...
[2026-02-16 16:49:37.361] [INFO] [rustwebui_app] WebSocket server will run on port 39969
[2026-02-16 16:49:37.364] [INFO] [rustwebui_app::infrastructure::websocket] WebSocket server listening on ws://127.0.0.1:39969
[2026-02-16 16:49:37.364] [INFO] [rustwebui_app] WebSocket server running on port 39969
[2026-02-16 16:49:37.558] [INFO] [rustwebui_app::presentation::handlers::ui_handlers] Setting up UI handlers...
[2026-02-16 16:49:37.560] [INFO] [rustwebui_app::presentation::handlers::ui_handlers] UI handlers set up successfully
[2026-02-16 16:49:37.560] [INFO] [rustwebui_app::presentation::handlers::sysinfo_handlers] System info handlers set up successfully
[2026-02-16 16:49:37.561] [INFO] [rustwebui_app::presentation::handlers::window_state_handlers] Setting up window state change handlers...
[2026-02-16 16:49:37.561] [INFO] [rustwebui_app::presentation::handlers::window_state_handlers] Window state change handlers set up successfully
[2026-02-16 16:49:37.561] [INFO] [rustwebui_app] Loading application UI from frontend/dist/index.html
[2026-02-16 16:49:52.909] [INFO] [rustwebui_app] Application started successfully, waiting for events...
[2026-02-16 16:49:52.910] [INFO] [rustwebui_app] =============================================
[2026-02-16 16:50:00.086] [INFO] [rustwebui_app] Application shutting down...
[2026-02-16 16:50:00.086] [INFO] [rustwebui_app] =============================================
[2026-02-16 16:50:53.504] [INFO] [rustwebui_app] =============================================
[2026-02-16 16:50:53.504] [INFO] [rustwebui_app] Starting: app v1.0.0
[2026-02-16 16:50:53.509] [INFO] [rustwebui_app] =============================================
[2026-02-16 16:50:53.509] [INFO] [rustwebui_app] Application starting...
[2026-02-16 16:50:53.509] [INFO] [rustwebui_app] WebSocket server will run on port 32927
[2026-02-16 16:50:53.510] [INFO] [rustwebui_app::infrastructure::websocket] WebSocket server listening on ws://127.0.0.1:32927
[2026-02-16 16:50:53.510] [INFO] [rustwebui_app] WebSocket server initialized on port 32927
[2026-02-16 16:50:53.510] [INFO] [rustwebui_app] WebSocket server running on port 32927
[2026-02-16 16:50:53.678] [INFO] [rustwebui_app::presentation::handlers::ui_handlers] Setting up UI handlers...
[2026-02-16 16:50:53.680] [INFO] [rustwebui_app::presentation::handlers::ui_handlers] UI handlers set up successfully
[2026-02-16 16:50:53.680] [INFO] [rustwebui_app::presentation::handlers::sysinfo_handlers] System info handlers set up successfully
[2026-02-16 16:50:53.680] [INFO] [rustwebui_app::presentation::handlers::window_state_handlers] Setting up window state change handlers...
[2026-02-16 16:50:53.681] [INFO] [rustwebui_app::presentation::handlers::window_state_handlers] Window state change handlers set up successfully
[2026-02-16 16:50:53.681] [INFO] [rustwebui_app] Loading application UI from frontend/dist/index.html
[2026-02-16 16:51:08.991] [INFO] [rustwebui_app] Application started successfully, waiting for events...
[2026-02-16 16:51:08.991] [INFO] [rustwebui_app] =============================================
[2026-02-16 16:51:16.163] [INFO] [rustwebui_app] Application shutting down...
[2026-02-16 16:51:16.163] [INFO] [rustwebui_app] =============================================
[2026-02-16 17:02:23.210] [INFO] [rustwebui_app] =============================================
[2026-02-16 17:02:23.210] [INFO] [rustwebui_app] Starting: app v1.0.0
[2026-02-16 17:02:23.210] [INFO] [rustwebui_app] =============================================
[2026-02-16 17:02:23.210] [INFO] [rustwebui_app] Application starting...
[2026-02-16 17:02:23.210] [INFO] [rustwebui_app] WebSocket server will run on port 34289
[2026-02-16 17:02:23.212] [INFO] [rustwebui_app::infrastructure::websocket] WebSocket server listening on ws://127.0.0.1:34289
[2026-02-16 17:02:23.212] [INFO] [rustwebui_app] WebSocket server initialized on port 34289
[2026-02-16 17:02:23.212] [INFO] [rustwebui_app] WebSocket server running on port 34289
[2026-02-16 17:02:23.422] [INFO] [rustwebui_app::presentation::handlers::ui_handlers] Setting up UI handlers...
[2026-02-16 17:02:23.423] [INFO] [rustwebui_app::presentation::handlers::ui_handlers] UI handlers set up successfully
[2026-02-16 17:02:23.424] [INFO] [rustwebui_app::presentation::handlers::sysinfo_handlers] System info handlers set up successfully
[2026-02-16 17:02:23.424] [INFO] [rustwebui_app::presentation::handlers::window_state_handlers] Setting up window state change handlers...
[2026-02-16 17:02:23.425] [INFO] [rustwebui_app::presentation::handlers::window_state_handlers] Window state change handlers set up successfully
[2026-02-16 17:02:23.425] [INFO] [rustwebui_app] Loading application UI from frontend/dist/index.html
[2026-02-16 17:02:38.814] [INFO] [rustwebui_app] Application started successfully, waiting for events...
[2026-02-16 17:02:38.814] [INFO] [rustwebui_app] =============================================
[2026-02-16 17:02:46.015] [INFO] [rustwebui_app] Application shutting down...
[2026-02-16 17:02:46.015] [INFO] [rustwebui_app] =============================================
